[html.ditsolution.net/econet/environment-classic-dark.html]
[backblue.gif]
[fade.gif]
[index.html]
[html.ditsolution.net/econet/css/bootstrap.min.css]
[html.ditsolution.net/econet/css/style.css]
[html.ditsolution.net/econet/css/style-dark.css]
[html.ditsolution.net/econet/css/responsive.css]
[html.ditsolution.net/econet/images/favicon.png]
[html.ditsolution.net/econet/environment-classic.html]
[html.ditsolution.net/econet/images/logo-white.png]
[html.ditsolution.net/econet/index.html]
[html.ditsolution.net/econet/environment-dark.html]
[html.ditsolution.net/econet/environment-single.html]
[html.ditsolution.net/econet/solar-renewable.html]
[html.ditsolution.net/econet/solar-renewable-dark.html]
[html.ditsolution.net/econet/solar-renewable-classic.html]
[html.ditsolution.net/econet/solar-classic-dark.html]
[html.ditsolution.net/econet/solar-single.html]
[html.ditsolution.net/econet/charity.html]
[html.ditsolution.net/econet/charity-dark.html]
[html.ditsolution.net/econet/charity-classic.html]
[html.ditsolution.net/econet/charity-classic-dark.html]
[html.ditsolution.net/econet/charity-single.html]
[html.ditsolution.net/econet/about.html]
[html.ditsolution.net/econet/service.html]
[html.ditsolution.net/econet/service-details.html]
[html.ditsolution.net/econet/project.html]
[html.ditsolution.net/econet/project-details.html]
[html.ditsolution.net/econet/donation.html]
[html.ditsolution.net/econet/donation-details.html]
[html.ditsolution.net/econet/team.html]
[html.ditsolution.net/econet/team-details.html]
[html.ditsolution.net/econet/testimonial.html]
[html.ditsolution.net/econet/contact.html]
[html.ditsolution.net/econet/blog-grid.html]
[html.ditsolution.net/econet/blog-list.html]
[html.ditsolution.net/econet/blog-2column.html]
[html.ditsolution.net/econet/blog-details.html]
[html.ditsolution.net/econet/images/logo.png]
[html.ditsolution.net/econet/images/logo-2.png]
[html.ditsolution.net/econet/images/environment-classic/since.png]
[html.ditsolution.net/econet/images/environment-classic/banner-shape1.png]
[html.ditsolution.net/econet/images/environment-classic/banner-shape2.png]
[html.ditsolution.net/econet/images/environment/marquee-icon.png]
[html.ditsolution.net/econet/images/environment/about-thumb.png]
[html.ditsolution.net/econet/images/environment/about-team-img.png]
[html.ditsolution.net/econet/images/environment/about-team-img2.png]
[html.ditsolution.net/econet/images/environment-classic/about-shape.png]
[html.ditsolution.net/econet/images/environment/sub-title-icon.png]
[html.ditsolution.net/econet/images/environment/about.png]
[html.ditsolution.net/econet/images/environment/about2.png]
[html.ditsolution.net/econet/images/environment/about3.png]
[html.ditsolution.net/econet/images/environment-classic/leaf.png]
[html.ditsolution.net/econet/images/environment-classic/service-thumb.png]
[html.ditsolution.net/econet/images/environment-classic/service-thumb2.png]
[html.ditsolution.net/econet/images/environment-classic/service-thumb3.png]
[html.ditsolution.net/econet/images/environment-classic/why-choose-thumb.png]
[html.ditsolution.net/econet/images/environment/why-choose-item-icon.png]
[html.ditsolution.net/econet/images/environment/why-choose-item-icon2.png]
[html.ditsolution.net/econet/images/environment/why-choose-item-icon3.png]
[html.ditsolution.net/econet/images/environment/why-choose-shape.png]
[html.ditsolution.net/econet/images/environment/why-choose-shape2.png]
[html.ditsolution.net/econet/images/environment/process-icon.png]
[html.ditsolution.net/econet/images/environment/process-leaf.png]
[html.ditsolution.net/econet/images/environment/process-icon2.png]
[html.ditsolution.net/econet/images/environment/process-icon3.png]
[html.ditsolution.net/econet/images/environment-classic/project-thumb1.png]
[html.ditsolution.net/econet/images/environment-classic/project-thumb2.png]
[html.ditsolution.net/econet/images/environment-classic/project-thumb3.png]
[html.ditsolution.net/econet/images/environment-classic/project-shape1.png]
[html.ditsolution.net/econet/images/environment-classic/project-shape2.png]
[html.ditsolution.net/econet/images/environment-classic/donations-thumb1.png]
[html.ditsolution.net/econet/images/environment-classic/donations-thumb2.png]
[html.ditsolution.net/econet/images/environment-classic/donations-thumb3.png]
[html.ditsolution.net/econet/images/environment-classic/testi-autor1.png]
[html.ditsolution.net/econet/images/environment-classic/testi-autor2.png]
[html.ditsolution.net/econet/images/environment/testi-shape1.png]
[html.ditsolution.net/econet/images/environment/testi-shape2.png]
[html.ditsolution.net/econet/images/environment-classic/blog-thumb1.png]
[html.ditsolution.net/econet/images/environment-classic/blog-thumb2.png]
[html.ditsolution.net/econet/images/environment-classic/blog-thumb3.png]
[html.ditsolution.net/econet/images/environment-dark/brand-logo-dark.png]
[html.ditsolution.net/econet/images/environment-dark/brand-logo2-dark.png]
[html.ditsolution.net/econet/images/environment-dark/brand-logo3-dark.png]
[html.ditsolution.net/econet/images/environment-dark/brand-logo4-dark.png]
[html.ditsolution.net/econet/images/environment-dark/brand-logo5-dark.png]
[html.ditsolution.net/econet/images/environment/cta-icon.png]
[html.ditsolution.net/econet/images/environment/text-1.svg]
[html.ditsolution.net/econet/images/environment/footer-shape3.png]
[html.ditsolution.net/econet/images/environment/footer-logo.png]
[html.ditsolution.net/econet/images/environment/footer-shape.png]
[html.ditsolution.net/econet/images/environment/footer-shape2.png]
[html.ditsolution.net/econet/js/jquery.js]
[html.ditsolution.net/econet/js/popper.min.js]
[html.ditsolution.net/econet/js/bootstrap.min.js]
[html.ditsolution.net/econet/js/magnific.js]
[html.ditsolution.net/econet/js/wow.js]
[html.ditsolution.net/econet/js/appear.js]
[html.ditsolution.net/econet/js/swiper.min.js]
[html.ditsolution.net/econet/js/jquery.counterup.min.js]
[html.ditsolution.net/econet/js/nice-select.js]
[html.ditsolution.net/econet/js/waypoints.min.js]
[html.ditsolution.net/econet/js/gsap.min.js]
[html.ditsolution.net/econet/js/ScrollTrigger.min.js]
[html.ditsolution.net/econet/js/SplitText.js]
[html.ditsolution.net/econet/js/cusor-text.js]
[html.ditsolution.net/econet/environment-classic-dark.html]
[html.ditsolution.net/econet/js/script.js]
[html.ditsolution.net/econet/css/bootstrap.min.css]
[html.ditsolution.net/econet/css/animate.css]
[html.ditsolution.net/econet/css/swiper.min.css]
[html.ditsolution.net/econet/css/magnific.css]
[html.ditsolution.net/econet/css/linear.css]
[html.ditsolution.net/econet/css/fontawesome-free.css]
[html.ditsolution.net/econet/css/fontawesome.css]
[html.ditsolution.net/econet/css/flaticon.css]
[html.ditsolution.net/econet/css/tm-bs-mp.css]
[html.ditsolution.net/econet/css/flaticon-set-business.css]
[html.ditsolution.net/econet/css/tm-utility-classes.css]
[html.ditsolution.net/econet/css/odometer-theme-default.css]
[html.ditsolution.net/econet/css/cusor-text.css]
[html.ditsolution.net/econet/css/nice-select.css]
[html.ditsolution.net/econet/css/style.css]
[html.ditsolution.net/econet/css/style-dark.css]
[html.ditsolution.net/econet/css/responsive.css]
[html.ditsolution.net/econet/environment-classic.html]
[html.ditsolution.net/econet/index.html]
[html.ditsolution.net/econet/environment-dark.html]
[html.ditsolution.net/econet/environment-single.html]
[html.ditsolution.net/econet/solar-renewable.html]
[html.ditsolution.net/econet/solar-renewable-dark.html]
[html.ditsolution.net/econet/solar-renewable-classic.html]
[html.ditsolution.net/econet/solar-classic-dark.html]
[html.ditsolution.net/econet/solar-single.html]
[html.ditsolution.net/econet/charity.html]
[html.ditsolution.net/econet/charity-dark.html]
[html.ditsolution.net/econet/charity-classic.html]
[html.ditsolution.net/econet/charity-classic-dark.html]
[html.ditsolution.net/econet/event-details.html]
[html.ditsolution.net/econet/charity-single.html]
[html.ditsolution.net/econet/about.html]
[html.ditsolution.net/econet/service.html]
[html.ditsolution.net/econet/service-details.html]
[html.ditsolution.net/econet/project.html]
[html.ditsolution.net/econet/project-details.html]
[html.ditsolution.net/econet/donation.html]
[html.ditsolution.net/econet/donation-details.html]
[html.ditsolution.net/econet/team.html]
[html.ditsolution.net/econet/team-details.html]
[html.ditsolution.net/econet/testimonial.html]
[html.ditsolution.net/econet/contact.html]
[html.ditsolution.net/econet/blog-grid.html]
[html.ditsolution.net/econet/blog-list.html]
[html.ditsolution.net/econet/assets/images/inner-images/category-icon.png]
[html.ditsolution.net/econet/blog-2column.html]
[html.ditsolution.net/econet/blog-details.html]
[html.ditsolution.net/econet/images/environment/text-1.svg]
[html.ditsolution.net/econet/js/jquery.js]
[html.ditsolution.net/econet/js/popper.min.js]
[html.ditsolution.net/econet/js/bootstrap.min.js]
[html.ditsolution.net/econet/js/magnific.js]
[html.ditsolution.net/econet/js/wow.js]
[html.ditsolution.net/econet/js/appear.js]
[html.ditsolution.net/econet/js/swiper.min.js]
[html.ditsolution.net/econet/Trident/index.html]
[html.ditsolution.net/econet/Edge/index.html]
[html.ditsolution.net/econet/Gecko/index.html]
[html.ditsolution.net/econet/Firefox/index.html]
[html.ditsolution.net/econet/Version/index.html]
[html.ditsolution.net/econet/js/jquery.counterup.min.js]
[html.ditsolution.net/econet/js/nice-select.js]
[html.ditsolution.net/econet/js/waypoints.min.js]
[html.ditsolution.net/econet/js/gsap.min.js]
[html.ditsolution.net/econet/version/index-2.html]
[html.ditsolution.net/econet/js/ScrollTrigger.min.js]
[html.ditsolution.net/econet/js/SplitText.js]
[html.ditsolution.net/econet/js/cusor-text.js]
[html.ditsolution.net/econet/js/script.js]
[html.ditsolution.net/econet/css/animate.css]
[html.ditsolution.net/econet/css/swiper.min.css]
[html.ditsolution.net/econet/css/magnific.css]
[html.ditsolution.net/econet/css/linear.css]
[html.ditsolution.net/econet/css/fontawesome-free.css]
[html.ditsolution.net/econet/css/fontawesome.css]
[html.ditsolution.net/econet/fonts/flaticon-business.eot]
[html.ditsolution.net/econet/fonts/flaticon-businessd41d.eot]
[html.ditsolution.net/econet/css/fonts/flaticon-business.svg]
[html.ditsolution.net/econet/css/flaticon.css]
[html.ditsolution.net/econet/css/flaticon-set-business.css]
[html.ditsolution.net/econet/css/tm-bs-mp.css]
[html.ditsolution.net/econet/css/tm-utility-classes.css]
[html.ditsolution.net/econet/css/odometer-theme-default.css]
[html.ditsolution.net/econet/css/cusor-text.css]
[html.ditsolution.net/econet/css/nice-select.css]
[html.ditsolution.net/econet/images/environment-classic/banner-bg2.html]
[html.ditsolution.net/econet/images/environment-classic/classic-banner-bg2.html]
[html.ditsolution.net/econet/images/solar/banner-solar.html]
[html.ditsolution.net/econet/images/solar-classic/solar-banner.html]
[html.ditsolution.net/econet/images/solar-dark/banner-solar-classic-dark.html]
[html.ditsolution.net/econet/images/charity/banner-bg.html]
[html.ditsolution.net/econet/images/charity/banner-sub.html]
[html.ditsolution.net/econet/images/charity-classic/banner-charity-classic-dark.html]
[html.ditsolution.net/econet/images/charity-classic/banner-bg.html]
[html.ditsolution.net/econet/images/environment-classic/service-bg-classic.html]
[html.ditsolution.net/econet/images/solar-classic/service-bg.html]
[html.ditsolution.net/econet/images/solar/about-bg.html]
[html.ditsolution.net/econet/images/solar/about-bg1.html]
[html.ditsolution.net/econet/images/solar/about-bg2.html]
[html.ditsolution.net/econet/images/solar-classic/about-bg.html]
[html.ditsolution.net/econet/images/solar-classic/about-bg2.html]
[html.ditsolution.net/econet/images/environment/choose-skill-bg.html]
[html.ditsolution.net/econet/images/environment/project-bg.html]
[html.ditsolution.net/econet/images/solar/shape.html]
[html.ditsolution.net/econet/images/environment/process-border.html]
[html.ditsolution.net/econet/images/environment-classic/work-process-bg.html]
[html.ditsolution.net/econet/images/environment-classic/process-border.html]
[html.ditsolution.net/econet/images/environment-classic/process-border2.html]
[html.ditsolution.net/econet/images/solar/testi-box.html]
[html.ditsolution.net/econet/images/charity/charity-testi-bg.html]
[html.ditsolution.net/econet/images/charity/charity-testi-box-bg.html]
[html.ditsolution.net/econet/images/charity/charity-testi-box-hover-bg.html]
[html.ditsolution.net/econet/images/charity-classic/testimonial-bg.html]
[html.ditsolution.net/econet/images/environment/blog-bg1.html]
[html.ditsolution.net/econet/images/environment/footer-bg.html]
[html.ditsolution.net/econet/images/solar/sign-bg.html]
[html.ditsolution.net/econet/images/charity/charity-footer-bg.html]
[html.ditsolution.net/econet/images/charity/donations-bg.html]
[html.ditsolution.net/econet/images/charity/mission-bg-shape.html]
[html.ditsolution.net/econet/images/charity/donation-love2.html]
[html.ditsolution.net/econet/images/charity/charity-donation-form-bg.html]
[html.ditsolution.net/econet/images/charity-classic/donation-bg.html]
[html.ditsolution.net/econet/images/charity-classic/give-donation-bg.html]
[html.ditsolution.net/econet/images/charity/feature-bg-shape.html]
[html.ditsolution.net/econet/images/charity/feature-box.html]
[html.ditsolution.net/econet/images/charity/contact-bg2.html]
[html.ditsolution.net/econet/images/charity/mission-bg.html]
[html.ditsolution.net/econet/images/charity/charity-event-img.html]
[html.ditsolution.net/econet/images/inner-image/breadcumb-bg.html]
[html.ditsolution.net/econet/images/inner-image/sidber-contact.html]
[html.ditsolution.net/econet/images/environment-dark/project-bg-dark.html]
[html.ditsolution.net/econet/images/environment-dark/blog-bg-dark.html]
[html.ditsolution.net/econet/images/solar-dark/banner-solar-dark.html]
[html.ditsolution.net/econet/images/charity/contact-bg2-dark.html]
[html.ditsolution.net/econet/images/environment/brand-logo.html]
[html.ditsolution.net/econet/images/environment/brand-logo2.html]
[html.ditsolution.net/econet/images/environment/brand-logo3.html]
[html.ditsolution.net/econet/images/environment/brand-logo4.html]
[html.ditsolution.net/econet/images/environment/brand-logo5.html]
[html.ditsolution.net/econet/images/environment/banner-img.html]
[html.ditsolution.net/econet/images/environment/banner-left-cercle.html]
[html.ditsolution.net/econet/images/environment/banner-left-shape.html]
[html.ditsolution.net/econet/images/environment/banner-left-shape2.html]
[html.ditsolution.net/econet/images/environment/banner-left-shape3.html]
[html.ditsolution.net/econet/images/environment/banner-right-shape.html]
[html.ditsolution.net/econet/images/environment/banner-right-shape2.html]
[html.ditsolution.net/econet/images/environment/service-img.html]
[html.ditsolution.net/econet/images/environment/service-img2.html]
[html.ditsolution.net/econet/images/environment/service-img3.html]
[html.ditsolution.net/econet/images/environment/service-img4.html]
[html.ditsolution.net/econet/images/environment/service-shape.html]
[html.ditsolution.net/econet/images/environment/service-shape2.html]
[html.ditsolution.net/econet/images/environment/about-arrow-icon.html]
[html.ditsolution.net/econet/images/environment/about-shape.html]
[html.ditsolution.net/econet/images/environment/why-choose-thumb.html]
[html.ditsolution.net/econet/images/environment/project-item-bg.html]
[html.ditsolution.net/econet/images/environment/project-item-bg2.html]
[html.ditsolution.net/econet/images/environment/project-item-bg3.html]
[html.ditsolution.net/econet/images/environment/project-shape.html]
[html.ditsolution.net/econet/images/environment/project-shape2.html]
[html.ditsolution.net/econet/images/environment/process-shape1.html]
[html.ditsolution.net/econet/images/environment/process-shape2.html]
[html.ditsolution.net/econet/images/environment/team-thumb.html]
[html.ditsolution.net/econet/images/environment/team-thumb2.html]
[html.ditsolution.net/econet/images/environment/team-thumb3.html]
[html.ditsolution.net/econet/images/environment/team-thumb4.html]
[html.ditsolution.net/econet/images/environment/testi-autor1.html]
[html.ditsolution.net/econet/images/environment/testi-thumb1.html]
[html.ditsolution.net/econet/images/environment/testi-img1.html]
[html.ditsolution.net/econet/images/environment/testi-img2.html]
[html.ditsolution.net/econet/images/environment/blog-thumb.html]
[html.ditsolution.net/econet/images/environment/blog-thumb2.html]
[html.ditsolution.net/econet/images/environment/blog-thumb3.html]
[html.ditsolution.net/econet/images/environment/blog-thumb4.html]
[html.ditsolution.net/econet/js/ScrollToPlugin.min.html]
[html.ditsolution.net/econet/images/solar/circle.html]
[html.ditsolution.net/econet/images/solar/autor1.html]
[html.ditsolution.net/econet/images/solar/autor2.html]
[html.ditsolution.net/econet/images/solar/banner-icon.html]
[html.ditsolution.net/econet/images/solar/feature-thumb1.html]
[html.ditsolution.net/econet/images/solar/feature-thumb2.html]
[html.ditsolution.net/econet/images/solar/feature-thumb3.html]
[html.ditsolution.net/econet/images/solar/about-thumb.html]
[html.ditsolution.net/econet/images/solar/about-icon1.html]
[html.ditsolution.net/econet/images/solar/about-icon2.html]
[html.ditsolution.net/econet/images/solar/about2-shape.html]
[html.ditsolution.net/econet/images/solar/service-thumb1.html]
[html.ditsolution.net/econet/images/solar/service-icon1.html]
[html.ditsolution.net/econet/images/solar/service-thumb2.html]
[html.ditsolution.net/econet/images/solar/service-icon2.html]
[html.ditsolution.net/econet/images/solar/service-thumb3.html]
[html.ditsolution.net/econet/images/solar/service-icon3.html]
[html.ditsolution.net/econet/images/solar/service-thumb4.html]
[html.ditsolution.net/econet/images/solar/service-icon4.html]
[html.ditsolution.net/econet/images/solar/why-choose-icon1.html]
[html.ditsolution.net/econet/images/solar/why-choose-icon2.html]
[html.ditsolution.net/econet/images/solar/why-choose-icon3.html]
[html.ditsolution.net/econet/images/solar/why-choose-thumb.html]
[html.ditsolution.net/econet/images/solar/why-choose-icon4.html]
[html.ditsolution.net/econet/images/solar/why-choose-icon5.html]
[html.ditsolution.net/econet/images/solar/why-choose-icon6.html]
[html.ditsolution.net/econet/images/solar/why-choose-shape.html]
[html.ditsolution.net/econet/images/solar/why-choose-shape2.html]
[html.ditsolution.net/econet/images/solar/why-choose-shape3.html]
[html.ditsolution.net/econet/images/solar/why-choose-shape4.html]
[html.ditsolution.net/econet/images/solar/project-thumb1.html]
[html.ditsolution.net/econet/images/solar/project-thumb2.html]
[html.ditsolution.net/econet/images/solar/project-arrow.html]
[html.ditsolution.net/econet/images/solar/project-dot.html]
[html.ditsolution.net/econet/images/solar-dark/process-icon.html]
[html.ditsolution.net/econet/images/solar/work-shape.html]
[html.ditsolution.net/econet/images/solar/contact-thumb.html]
[html.ditsolution.net/econet/images/solar/contact-autor1.html]
[html.ditsolution.net/econet/images/solar/contact-autor2.html]
[html.ditsolution.net/econet/images/solar/testi-shape.html]
[html.ditsolution.net/econet/images/solar/blog-thumb1.html]
[html.ditsolution.net/econet/images/solar/blog-thumb2.html]
[html.ditsolution.net/econet/images/solar/blog-thumb3.html]
[html.ditsolution.net/econet/images/solar/blog-thumb4.html]
[html.ditsolution.net/econet/images/solar/footer-shape1.html]
[html.ditsolution.net/econet/images/solar/footer-shape2.html]
[html.ditsolution.net/econet/js/ScrollSmoother.min.html]
[html.ditsolution.net/econet/images/solar-classic/banner-title.html]
[html.ditsolution.net/econet/images/solar-classic/about-thumb.html]
[html.ditsolution.net/econet/images/solar-classic/service-thumb1.html]
[html.ditsolution.net/econet/images/solar-classic/service-thumb2.html]
[html.ditsolution.net/econet/images/solar-classic/service-thumb3.html]
[html.ditsolution.net/econet/images/solar-classic/service-thumb4.html]
[html.ditsolution.net/econet/images/solar-classic/why-choose-thumb.html]
[html.ditsolution.net/econet/images/solar-classic/project-thumb.html]
[html.ditsolution.net/econet/images/solar-classic/project-thumb2.html]
[html.ditsolution.net/econet/images/solar-classic/contact-thumb.html]
[html.ditsolution.net/econet/images/solar-classic/blog-thumb1.html]
[html.ditsolution.net/econet/images/solar-classic/blog-thumb2.html]
[html.ditsolution.net/econet/images/solar-classic/blog-thumb3.html]
[html.ditsolution.net/econet/images/charity/banner-thumb.html]
[html.ditsolution.net/econet/images/charity/banner-thumb-shape.html]
[html.ditsolution.net/econet/images/charity/banner-shape1.html]
[html.ditsolution.net/econet/images/charity/banner-shape2.html]
[html.ditsolution.net/econet/images/charity/feature-icon.html]
[html.ditsolution.net/econet/images/charity/feature-icon1.html]
[html.ditsolution.net/econet/images/charity/feature-icon2.html]
[html.ditsolution.net/econet/images/charity/about-thumb.html]
[html.ditsolution.net/econet/images/charity/about-dot.html]
[html.ditsolution.net/econet/images/charity/about-arrow.html]
[html.ditsolution.net/econet/images/charity/about-icon.html]
[html.ditsolution.net/econet/images/charity/about-icon2.html]
[html.ditsolution.net/econet/images/charity/about-shape1.html]
[html.ditsolution.net/econet/images/charity/about-shape2.html]
[html.ditsolution.net/econet/images/charity/about-shape3.html]
[html.ditsolution.net/econet/images/charity/donations-thumb1.html]
[html.ditsolution.net/econet/images/charity/donations-thumb2.html]
[html.ditsolution.net/econet/images/charity/donations-thumb3.html]
[html.ditsolution.net/econet/images/charity/donation-shape1.html]
[html.ditsolution.net/econet/images/charity/donation-shape2.html]
[html.ditsolution.net/econet/images/charity/mission-thumb1.html]
[html.ditsolution.net/econet/images/charity/mission-thumb2.html]
[html.ditsolution.net/econet/images/charity/mission-thumb3.html]
[html.ditsolution.net/econet/images/charity/mission-dot.html]
[html.ditsolution.net/econet/images/charity/mission-shape.html]
[html.ditsolution.net/econet/images/charity/mission-shape1.html]
[html.ditsolution.net/econet/images/charity/donation-love1.html]
[html.ditsolution.net/econet/images/charity/project-thumb1.html]
[html.ditsolution.net/econet/images/charity/project-thumb2.html]
[html.ditsolution.net/econet/images/charity/project-thumb3.html]
[html.ditsolution.net/econet/images/charity/project-thumb4.html]
[html.ditsolution.net/econet/images/charity/charity-donation-form-img.html]
[html.ditsolution.net/econet/images/charity/donation-form-shape1.html]
[html.ditsolution.net/econet/images/charity/donation-form-shape2.html]
[html.ditsolution.net/econet/images/charity/event-icon1.html]
[html.ditsolution.net/econet/images/charity/event-icon2.html]
[html.ditsolution.net/econet/images/charity/charity-event-shape.html]
[html.ditsolution.net/econet/images/charity/event-shape2.html]
[html.ditsolution.net/econet/images/charity/charity-testi-shape.html]
[html.ditsolution.net/econet/images/charity/charity-testi-shape2.html]
[html.ditsolution.net/econet/images/charity/blog-thumb1.html]
[html.ditsolution.net/econet/images/charity/blog-thumb2.html]
[html.ditsolution.net/econet/images/charity/blog-thumb3.html]
[html.ditsolution.net/econet/images/charity/blog-thumb4.html]
[html.ditsolution.net/econet/images/charity/footer-shape1.html]
[html.ditsolution.net/econet/images/charity/footer-shape2.html]
[html.ditsolution.net/econet/images/charity/footer-shape3.html]
[html.ditsolution.net/econet/js/knob.html]
[html.ditsolution.net/econet/images/charity-classic/charity-about-img.html]
[html.ditsolution.net/econet/images/charity-classic/charity-donation-form-img.html]
[html.ditsolution.net/econet/images/charity-classic/team-thumb1.html]
[html.ditsolution.net/econet/images/charity-classic/team-thumb2.html]
[html.ditsolution.net/econet/images/charity-classic/team-thumb3.html]
[html.ditsolution.net/econet/images/charity-classic/team-shape1.html]
[html.ditsolution.net/econet/images/charity-classic/team-shape2.html]
[html.ditsolution.net/econet/images/charity-classic/testi-shape1.html]
[html.ditsolution.net/econet/images/charity-classic/testi-shape2.html]
[html.ditsolution.net/econet/images/charity-classic/blog-thumb1.html]
[html.ditsolution.net/econet/images/charity-classic/blog-thumb2.html]
[html.ditsolution.net/econet/images/charity-classic/blog-thumb3.html]
[html.ditsolution.net/econet/event-details.html]
[html.ditsolution.net/econet/images/inner-image/services-details-icon-1.html]
[html.ditsolution.net/econet/images/inner-image/services-details-icon-2.html]
[html.ditsolution.net/econet/images/inner-image/services-details-text-icon.html]
[html.ditsolution.net/econet/images/inner-image/service-details1.html]
[html.ditsolution.net/econet/images/inner-image/service-details2.html]
[html.ditsolution.net/econet/images/inner-image/category-icon.html]
[html.ditsolution.net/econet/images/inner-image/sidber-cont-icon.html]
[html.ditsolution.net/econet/images/inner-image/project-details-thumb.html]
[html.ditsolution.net/econet/images/inner-image/project-details-item-images.html]
[html.ditsolution.net/econet/images/inner-image/donation-details.html]
[html.ditsolution.net/econet/images/inner-image/donation-details-1.html]
[html.ditsolution.net/econet/images/inner-image/donation-details-2.html]
[html.ditsolution.net/econet/images/inner-image/donation-details-3.html]
[html.ditsolution.net/econet/images/inner-image/team-details.html]
[html.ditsolution.net/econet/assets/images/inner-images/category-icon.html]
[html.ditsolution.net/econet/images/inner-image/blog-details-thumb.html]
[html.ditsolution.net/econet/images/inner-image/blog-details-quote.html]
[html.ditsolution.net/econet/images/inner-image/blog-post-1.html]
[html.ditsolution.net/econet/images/inner-image/blog-post-2.html]
[html.ditsolution.net/econet/images/inner-image/blog-details-author-1.html]
[html.ditsolution.net/econet/images/inner-image/blog-details-author-2.html]
[html.ditsolution.net/econet/Trident/index.html]
[html.ditsolution.net/econet/Edge/index.html]
[html.ditsolution.net/econet/Gecko/index.html]
[html.ditsolution.net/econet/Firefox/index.html]
[html.ditsolution.net/econet/Version/index.html]
[html.ditsolution.net/econet/version/index-2.html]
[html.ditsolution.net/econet/fonts/linearicons-free8429.html]
[html.ditsolution.net/econet/fonts/linearicons-free8429-2.html]
[html.ditsolution.net/econet/fonts/linearicons-free8429-3.html]
[html.ditsolution.net/econet/fonts/linearicons-free8429-4.html]
[html.ditsolution.net/econet/fonts/webfonts/fa-brands-400.html]
[html.ditsolution.net/econet/fonts/webfonts/fa-brands-401.html]
[html.ditsolution.net/econet/fonts/webfonts/fa-regular-400.html]
[html.ditsolution.net/econet/fonts/webfonts/fa-regular-401.html]
[html.ditsolution.net/econet/fonts/webfonts/fa-solid-900.html]
[html.ditsolution.net/econet/fonts/webfonts/fa-solid-901.html]
[html.ditsolution.net/econet/fonts/webfonts/fa-v4compatibility.html]
[html.ditsolution.net/econet/fonts/webfonts/fa-v4compatibility-2.html]
[html.ditsolution.net/econet/fonts/fa-brands-400.html]
[html.ditsolution.net/econet/fonts/fa-brands-401.html]
[html.ditsolution.net/econet/fonts/fa-brands-402.html]
[html.ditsolution.net/econet/fonts/fa-duotone-900.html]
[html.ditsolution.net/econet/fonts/fa-duotone-901.html]
[html.ditsolution.net/econet/fonts/fa-duotone-902.html]
[html.ditsolution.net/econet/fonts/fa-light-300.html]
[html.ditsolution.net/econet/fonts/fa-light-301.html]
[html.ditsolution.net/econet/fonts/fa-light-302.html]
[html.ditsolution.net/econet/fonts/fa-regular-400.html]
[html.ditsolution.net/econet/fonts/fa-regular-401.html]
[html.ditsolution.net/econet/fonts/fa-regular-402.html]
[html.ditsolution.net/econet/fonts/fa-solid-900.html]
[html.ditsolution.net/econet/fonts/fa-solid-901.html]
[html.ditsolution.net/econet/fonts/fa-solid-902.html]
[html.ditsolution.net/econet/fonts/fa-thin-100.html]
[html.ditsolution.net/econet/fonts/fa-thin-101.html]
[html.ditsolution.net/econet/fonts/fa-thin-102.html]
[html.ditsolution.net/econet/fonts/flaticon-business.html]
[html.ditsolution.net/econet/fonts/flaticon-businessd41d.html]
[html.ditsolution.net/econet/fonts/flaticon-business-2.html]
[html.ditsolution.net/econet/fonts/flaticon-business-3.html]
[html.ditsolution.net/econet/fonts/flaticon-business-4.html]
[html.ditsolution.net/econet/fonts/flaticon-business-5.html]
[html.ditsolution.net/econet/css/fonts/flaticon-business.html]
[html.ditsolution.net/econet/fonts/flaticon-set-business1afc.html]
[html.ditsolution.net/econet/fonts/flaticon-set-business1afc-2.html]
[html.ditsolution.net/econet/fonts/flaticon-set-business1afc-3.html]
[html.ditsolution.net/econet/fonts/flaticon-set-business1afc-4.html]
